============================================================
  Generated by:           Genus(TM) Synthesis Solution 25.10-p002_1
  Generated on:           Sep 28 2026  11:24:14 am
  Module:                 top
  Operating conditions:   PVT_0P7V_25C 
  Interconnect mode:      global
  Area mode:              physical library
============================================================


Path 1: MET (430 ps) Setup Check with Pin snake_controller_direction_state_next_reg[0]/CLK->D
           View: view_typical
          Group: core_clock
     Startpoint: (F) in_direction_in[2]
          Clock: (R) core_clock
       Endpoint: (R) snake_controller_direction_state_next_reg[0]/D
          Clock: (F) core_clock

                     Capture       Launch     
        Clock Edge:+    1000            0     
        Drv Adjust:+       0            0     
       Src Latency:+       0            0     
       Net Latency:+       0 (I)        0 (I) 
           Arrival:=    1000            0     
                                              
             Setup:-       2                  
     Required Time:=     998                  
      Launch Clock:-       0                  
       Input Delay:-     400                  
         Data Path:-     168                  
             Slack:=     430                  

Exceptions/Constraints:
  input_delay             400             constraints.sdc_line_16_3_1   

#--------------------------------------------------------------------------------------------------------------------------------------
#                 Timing Point                   Flags   Arc   Edge           Cell            Fanout Load Trans Delay Arrival Instance 
#                                                                                                    (fF)  (ps)  (ps)   (ps)  Location 
#--------------------------------------------------------------------------------------------------------------------------------------
  in_direction_in[2]                             -       -     F     (arrival)                     2  3.2     0     0     400    (-,-) 
  g85457/Y                                       -       A->Y  R     NOR2xp33_ASAP7_75t_SL         2  3.4    67    30     430    (-,-) 
  g85440/Y                                       -       A->Y  F     INVx1_ASAP7_75t_SL            2  3.2    33    18     448    (-,-) 
  g85358/Y                                       -       B->Y  R     AOI211xp5_ASAP7_75t_SL        2  3.5    80    39     487    (-,-) 
  g85174/Y                                       -       B2->Y F     AOI22xp5_ASAP7_75t_SL         2  3.5    63    30     517    (-,-) 
  g85069/Y                                       -       A2->Y F     AO21x1_ASAP7_75t_SL           1  2.1    17    26     543    (-,-) 
  g85053/Y                                       -       C->Y  R     O2A1O1Ixp33_ASAP7_75t_SL      1  2.1    48    25     568    (-,-) 
  snake_controller_direction_state_next_reg[0]/D <<<     -     R     DFFLQNx1_ASAP7_75t_SL         1    -     -     0     568    (-,-) 
#--------------------------------------------------------------------------------------------------------------------------------------


