Reading pref.tcl

# 2023.2

# vsim -debugDB -voptargs=""+acc"" -c hydra_tb -do "run -all; quit" 
# Start time: 13:39:22 on Apr 28,2026
# ** Note: (vsim-3813) Design is being optimized due to module recompilation...
# ** Note: (vsim-8611) Generating debug db.
# ** Warning: (vopt-10587) Some optimizations are turned off because the +acc switch is in effect. This will cause your simulation to run slowly. Please use -access/-debug to maintain needed visibility.
# ** Note: (vsim-12126) Error and warning message counts have been restored: Errors=0, Warnings=1.
# //  Questa Sim-64
# //  Version 2023.2 linux_x86_64 Apr 11 2023
# //
# //  Copyright 1991-2023 Mentor Graphics Corporation
# //  All Rights Reserved.
# //
# //  QuestaSim and its associated documentation contain trade
# //  secrets and commercial or financial information that are the property of
# //  Mentor Graphics Corporation and are privileged, confidential,
# //  and exempt from disclosure under the Freedom of Information Act,
# //  5 U.S.C. Section 552. Furthermore, this information
# //  is prohibited from disclosure under the Trade Secrets Act,
# //  18 U.S.C. Section 1905.
# //
# Loading sv_std.std
# Loading work.hydra_pkg(fast)
# Loading work.hydra_tb_sv_unit(fast)
# Loading work.hydra_tb(fast)
# Loading work.hydra_transform_sv_unit(fast)
# Loading work.hydra_transform(fast)
# Loading work.hydra_scratchpad_sv_unit(fast)
# Loading work.hydra_scratchpad(fast)
# ** Note: (vsim-8900) Creating design debug database vsim.dbg.
# run -all
# -----------------------------------------------------------------
# HYDRA TESTBENCH (hydra_transform + hydra_scratchpad)
#  
# [T1] Mode B, length=128, no wait states
# 	[PASS] T1 Mode B: scratch[  0] = 00000001, expected 00000001
# 	[PASS] T1 Mode B: scratch[  1] = 00000011, expected 00000011
# 	[PASS] T1 Mode B: scratch[  2] = 00000021, expected 00000021
# 	[PASS] T1 Mode B: scratch[  3] = 00000031, expected 00000031
# 	[PASS] T1 Mode B: scratch[  4] = 00000041, expected 00000041
# 	[PASS] T1 Mode B: scratch[  5] = 00000051, expected 00000051
# 	[PASS] T1 Mode B: scratch[  6] = 00000061, expected 00000061
# 	[PASS] T1 Mode B: scratch[  7] = 00000071, expected 00000071
# 	[PASS] T1 Mode B: scratch[  8] = 00000002, expected 00000002
# 	[PASS] T1 Mode B: scratch[  9] = 00000012, expected 00000012
# 	[PASS] T1 Mode B: scratch[ 10] = 00000022, expected 00000022
# 	[PASS] T1 Mode B: scratch[ 11] = 00000032, expected 00000032
# 	[PASS] T1 Mode B: scratch[ 12] = 00000042, expected 00000042
# 	[PASS] T1 Mode B: scratch[ 13] = 00000052, expected 00000052
# 	[PASS] T1 Mode B: scratch[ 14] = 00000062, expected 00000062
# 	[PASS] T1 Mode B: scratch[ 15] = 00000072, expected 00000072
# 	[PASS] T1 Mode B: scratch[ 16] = 00000003, expected 00000003
# 	[PASS] T1 Mode B: scratch[ 17] = 00000013, expected 00000013
# 	[PASS] T1 Mode B: scratch[ 18] = 00000023, expected 00000023
# 	[PASS] T1 Mode B: scratch[ 19] = 00000033, expected 00000033
# 	[PASS] T1 Mode B: scratch[ 20] = 00000043, expected 00000043
# 	[PASS] T1 Mode B: scratch[ 21] = 00000053, expected 00000053
# 	[PASS] T1 Mode B: scratch[ 22] = 00000063, expected 00000063
# 	[PASS] T1 Mode B: scratch[ 23] = 00000073, expected 00000073
# 	[PASS] T1 Mode B: scratch[ 24] = 00000004, expected 00000004
# 	[PASS] T1 Mode B: scratch[ 25] = 00000014, expected 00000014
# 	[PASS] T1 Mode B: scratch[ 26] = 00000024, expected 00000024
# 	[PASS] T1 Mode B: scratch[ 27] = 00000034, expected 00000034
# 	[PASS] T1 Mode B: scratch[ 28] = 00000044, expected 00000044
# 	[PASS] T1 Mode B: scratch[ 29] = 00000054, expected 00000054
# 	[PASS] T1 Mode B: scratch[ 30] = 00000064, expected 00000064
# 	[PASS] T1 Mode B: scratch[ 31] = 00000074, expected 00000074
# 	[PASS] T1 Mode B: scratch[ 32] = 00000005, expected 00000005
# 	[PASS] T1 Mode B: scratch[ 33] = 00000015, expected 00000015
# 	[PASS] T1 Mode B: scratch[ 34] = 00000025, expected 00000025
# 	[PASS] T1 Mode B: scratch[ 35] = 00000035, expected 00000035
# 	[PASS] T1 Mode B: scratch[ 36] = 00000045, expected 00000045
# 	[PASS] T1 Mode B: scratch[ 37] = 00000055, expected 00000055
# 	[PASS] T1 Mode B: scratch[ 38] = 00000065, expected 00000065
# 	[PASS] T1 Mode B: scratch[ 39] = 00000075, expected 00000075
# 	[PASS] T1 Mode B: scratch[ 40] = 00000006, expected 00000006
# 	[PASS] T1 Mode B: scratch[ 41] = 00000016, expected 00000016
# 	[PASS] T1 Mode B: scratch[ 42] = 00000026, expected 00000026
# 	[PASS] T1 Mode B: scratch[ 43] = 00000036, expected 00000036
# 	[PASS] T1 Mode B: scratch[ 44] = 00000046, expected 00000046
# 	[PASS] T1 Mode B: scratch[ 45] = 00000056, expected 00000056
# 	[PASS] T1 Mode B: scratch[ 46] = 00000066, expected 00000066
# 	[PASS] T1 Mode B: scratch[ 47] = 00000076, expected 00000076
# 	[PASS] T1 Mode B: scratch[ 48] = 00000007, expected 00000007
# 	[PASS] T1 Mode B: scratch[ 49] = 00000017, expected 00000017
# 	[PASS] T1 Mode B: scratch[ 50] = 00000027, expected 00000027
# 	[PASS] T1 Mode B: scratch[ 51] = 00000037, expected 00000037
# 	[PASS] T1 Mode B: scratch[ 52] = 00000047, expected 00000047
# 	[PASS] T1 Mode B: scratch[ 53] = 00000057, expected 00000057
# 	[PASS] T1 Mode B: scratch[ 54] = 00000067, expected 00000067
# 	[PASS] T1 Mode B: scratch[ 55] = 00000077, expected 00000077
# 	[PASS] T1 Mode B: scratch[ 56] = 00000008, expected 00000008
# 	[PASS] T1 Mode B: scratch[ 57] = 00000018, expected 00000018
# 	[PASS] T1 Mode B: scratch[ 58] = 00000028, expected 00000028
# 	[PASS] T1 Mode B: scratch[ 59] = 00000038, expected 00000038
# 	[PASS] T1 Mode B: scratch[ 60] = 00000048, expected 00000048
# 	[PASS] T1 Mode B: scratch[ 61] = 00000058, expected 00000058
# 	[PASS] T1 Mode B: scratch[ 62] = 00000068, expected 00000068
# 	[PASS] T1 Mode B: scratch[ 63] = 00000078, expected 00000078
# 	[PASS] T1 Mode B: scratch[ 64] = 00000009, expected 00000009
# 	[PASS] T1 Mode B: scratch[ 65] = 00000019, expected 00000019
# 	[PASS] T1 Mode B: scratch[ 66] = 00000029, expected 00000029
# 	[PASS] T1 Mode B: scratch[ 67] = 00000039, expected 00000039
# 	[PASS] T1 Mode B: scratch[ 68] = 00000049, expected 00000049
# 	[PASS] T1 Mode B: scratch[ 69] = 00000059, expected 00000059
# 	[PASS] T1 Mode B: scratch[ 70] = 00000069, expected 00000069
# 	[PASS] T1 Mode B: scratch[ 71] = 00000079, expected 00000079
# 	[PASS] T1 Mode B: scratch[ 72] = 0000000a, expected 0000000a
# 	[PASS] T1 Mode B: scratch[ 73] = 0000001a, expected 0000001a
# 	[PASS] T1 Mode B: scratch[ 74] = 0000002a, expected 0000002a
# 	[PASS] T1 Mode B: scratch[ 75] = 0000003a, expected 0000003a
# 	[PASS] T1 Mode B: scratch[ 76] = 0000004a, expected 0000004a
# 	[PASS] T1 Mode B: scratch[ 77] = 0000005a, expected 0000005a
# 	[PASS] T1 Mode B: scratch[ 78] = 0000006a, expected 0000006a
# 	[PASS] T1 Mode B: scratch[ 79] = 0000007a, expected 0000007a
# 	[PASS] T1 Mode B: scratch[ 80] = 0000000b, expected 0000000b
# 	[PASS] T1 Mode B: scratch[ 81] = 0000001b, expected 0000001b
# 	[PASS] T1 Mode B: scratch[ 82] = 0000002b, expected 0000002b
# 	[PASS] T1 Mode B: scratch[ 83] = 0000003b, expected 0000003b
# 	[PASS] T1 Mode B: scratch[ 84] = 0000004b, expected 0000004b
# 	[PASS] T1 Mode B: scratch[ 85] = 0000005b, expected 0000005b
# 	[PASS] T1 Mode B: scratch[ 86] = 0000006b, expected 0000006b
# 	[PASS] T1 Mode B: scratch[ 87] = 0000007b, expected 0000007b
# 	[PASS] T1 Mode B: scratch[ 88] = 0000000c, expected 0000000c
# 	[PASS] T1 Mode B: scratch[ 89] = 0000001c, expected 0000001c
# 	[PASS] T1 Mode B: scratch[ 90] = 0000002c, expected 0000002c
# 	[PASS] T1 Mode B: scratch[ 91] = 0000003c, expected 0000003c
# 	[PASS] T1 Mode B: scratch[ 92] = 0000004c, expected 0000004c
# 	[PASS] T1 Mode B: scratch[ 93] = 0000005c, expected 0000005c
# 	[PASS] T1 Mode B: scratch[ 94] = 0000006c, expected 0000006c
# 	[PASS] T1 Mode B: scratch[ 95] = 0000007c, expected 0000007c
# 	[PASS] T1 Mode B: scratch[ 96] = 0000000d, expected 0000000d
# 	[PASS] T1 Mode B: scratch[ 97] = 0000001d, expected 0000001d
# 	[PASS] T1 Mode B: scratch[ 98] = 0000002d, expected 0000002d
# 	[PASS] T1 Mode B: scratch[ 99] = 0000003d, expected 0000003d
# 	[PASS] T1 Mode B: scratch[100] = 0000004d, expected 0000004d
# 	[PASS] T1 Mode B: scratch[101] = 0000005d, expected 0000005d
# 	[PASS] T1 Mode B: scratch[102] = 0000006d, expected 0000006d
# 	[PASS] T1 Mode B: scratch[103] = 0000007d, expected 0000007d
# 	[PASS] T1 Mode B: scratch[104] = 0000000e, expected 0000000e
# 	[PASS] T1 Mode B: scratch[105] = 0000001e, expected 0000001e
# 	[PASS] T1 Mode B: scratch[106] = 0000002e, expected 0000002e
# 	[PASS] T1 Mode B: scratch[107] = 0000003e, expected 0000003e
# 	[PASS] T1 Mode B: scratch[108] = 0000004e, expected 0000004e
# 	[PASS] T1 Mode B: scratch[109] = 0000005e, expected 0000005e
# 	[PASS] T1 Mode B: scratch[110] = 0000006e, expected 0000006e
# 	[PASS] T1 Mode B: scratch[111] = 0000007e, expected 0000007e
# 	[PASS] T1 Mode B: scratch[112] = 0000000f, expected 0000000f
# 	[PASS] T1 Mode B: scratch[113] = 0000001f, expected 0000001f
# 	[PASS] T1 Mode B: scratch[114] = 0000002f, expected 0000002f
# 	[PASS] T1 Mode B: scratch[115] = 0000003f, expected 0000003f
# 	[PASS] T1 Mode B: scratch[116] = 0000004f, expected 0000004f
# 	[PASS] T1 Mode B: scratch[117] = 0000005f, expected 0000005f
# 	[PASS] T1 Mode B: scratch[118] = 0000006f, expected 0000006f
# 	[PASS] T1 Mode B: scratch[119] = 0000007f, expected 0000007f
# 	[PASS] T1 Mode B: scratch[120] = 00000010, expected 00000010
# 	[PASS] T1 Mode B: scratch[121] = 00000020, expected 00000020
# 	[PASS] T1 Mode B: scratch[122] = 00000030, expected 00000030
# 	[PASS] T1 Mode B: scratch[123] = 00000040, expected 00000040
# 	[PASS] T1 Mode B: scratch[124] = 00000050, expected 00000050
# 	[PASS] T1 Mode B: scratch[125] = 00000060, expected 00000060
# 	[PASS] T1 Mode B: scratch[126] = 00000070, expected 00000070
# 	[PASS] T1 Mode B: scratch[127] = 00000080, expected 00000080
# T1 PASSED SUCCESSFULLY!
#  
# Results: 0 error(s) across 1 test(s).
# ALL TESTS PASSED!
# -----------------------------------------------------------------
# ** Note: $stop    : hydra_tb.sv(349)
#    Time: 2426 ps  Iteration: 0  Instance: /hydra_tb
# Break in Module hydra_tb at hydra_tb.sv line 349
# Stopped at hydra_tb.sv line 349
#  quit
# End time: 13:39:24 on Apr 28,2026, Elapsed time: 0:00:02
# Errors: 0, Warnings: 1
